../Core/Src/main.c:106:5:main	8	static
../Core/Src/main.c:176:6:SystemClock_Config	88	static
../Core/Src/main.c:223:13:MX_CAN1_Init	8	static
../Core/Src/main.c:260:13:MX_USART1_UART_Init	8	static
../Core/Src/main.c:293:13:MX_GPIO_Init	16	static
../Core/Src/main.c:307:6:sendrequest	16	static
../Core/Src/main.c:340:6:SplitAndSendData	720	static
../Core/Src/main.c:591:6:HAL_CAN_RxFifo0MsgPendingCallback	16	static
../Core/Src/main.c:641:6:HAL_UART_RxCpltCallback	16	static
../Core/Src/main.c:652:6:Error_Handler	4	static,ignoring_inline_asm
